command: /home/bredelings/Devel/bali-phy/local/gcc-7-debug/bin/bali-phy ../../data/codons-dna.fasta --smodel=HKY+F+fMutSel
start time: Wed Dec  6 15:43:39 2017

VERSION: 3.0-beta3  [indellength commit 23b77089+]  (Sep 12 2017 18:29:17)
BUILD: Sep 14 2017 16:47:15
ARCH: x86_64-pc-linux-gnu
COMPILER: GCC 7.2.0
FLAGS: -isystem $(top_srcdir)/boost/include -isystem $(top_srcdir)/include  -Wall -Wextra -Wno-sign-compare -Woverloaded-virtual -Wstrict-aliasing -pipe -g -pedantic -I/usr/include/cairo -I/usr/include/glib-2.0 -I/usr/lib/x86_64-linux-gnu/glib-2.0/include -I/usr/include/pixman-1 -I/usr/include/freetype2 -I/usr/include/libpng16 -Og -ggdb -Wmisleading-indentation -Wlogical-op -Wno-unknown-pragmas -fno-omit-frame-pointer
directory: /home/bredelings/Devel/bali-phy/master/tests/parse/25
subdirectory: codons-dna-1
hostname: nucleus
PID: 28481

random seed = 13311290306945228369

branch numbers = (('3':2.000000000000000,('4':3.000000000000000,('2':1.000000000000000,'5':4.000000000000000)'A5':6.000000000000000)'A7':5.000000000000000)'A6':0.000000000000000)'1';

data1 = ../../data/codons-dna.fasta

alphabet1 = Codons of DNA nucleotides -> Amino-Acids [Standard_Genetic_Code]

smodel-index1 = 0
imodel-index1 = 0
scale-index1 = 0

subst model1 = HKY[~logNormal[log[2],0.25]] + F[frequencies_prior] + fMutSel[~Uniform[0,1],~iid[61,logNormal[0,0.5]]]

indel model1 = RS07[~Laplace[-4,0.707],Add[1.0,~Exponential[10]]]

scale model1 ~ Gamma[0.5,2]

T:topology ~ uniform on tree topologies
T:length[b] ~ Gamma[0.5,0.285714]

Beginning pre-burnin: 3 iterations.
 Tree size #1   prior = -74.994   likelihood = -21.0355   |T| = 6.82754   Scale1 = 0.552894
    Heat.beta = 1.000000000000000    Scale1 = 0.552894447618838    S1.fMutSel.F.pi.A = 0.146484335228804    S1.fMutSel.F.pi.G = 0.072148332183232    S1.fMutSel.F.pi.T = 0.702787462869307    S1.fMutSel.F.pi.C = 0.078579869718656    S1.fMutSel.HKY.kappa = 2.499007165230851    S1.fMutSel.omega = 0.570798151414196    S1.fMutSel.wAAA = 1.629219268340829    S1.fMutSel.wAAG = 0.407995094356149    S1.fMutSel.wAAT = 0.755140907413114    S1.fMutSel.wAAC = 1.122068903421241    S1.fMutSel.wAGA = 1.089933959671705    S1.fMutSel.wAGG = 1.413917374737528    S1.fMutSel.wAGT = 0.752840153377856    S1.fMutSel.wAGC = 0.730620463126479    S1.fMutSel.wATA = 0.461013718595922    S1.fMutSel.wATG = 0.782215311179380    S1.fMutSel.wATT = 0.887972371058238    S1.fMutSel.wATC = 1.512327711168730    S1.fMutSel.wACA = 1.166309257476362    S1.fMutSel.wACG = 0.813487274677388    S1.fMutSel.wACT = 1.368854527318210    S1.fMutSel.wACC = 1.081182560357622    S1.fMutSel.wGAA = 1.083111581584772    S1.fMutSel.wGAG = 0.536575700029575    S1.fMutSel.wGAT = 0.816842258653047    S1.fMutSel.wGAC = 0.617144596731552    S1.fMutSel.wGGA = 0.754804679453374    S1.fMutSel.wGGG = 0.723067215984291    S1.fMutSel.wGGT = 0.448691541131579    S1.fMutSel.wGGC = 0.910123137185068    S1.fMutSel.wGTA = 0.704051727008620    S1.fMutSel.wGTG = 0.606125522983186    S1.fMutSel.wGTT = 0.234685786565717    S1.fMutSel.wGTC = 0.720616806638566    S1.fMutSel.wGCA = 0.524693813390427    S1.fMutSel.wGCG = 1.835003644610476    S1.fMutSel.wGCT = 1.268765794625022    S1.fMutSel.wGCC = 0.766588687462321    S1.fMutSel.wTAT = 0.606340770076883    S1.fMutSel.wTAC = 0.988455488739298    S1.fMutSel.wTGG = 1.193431837811559    S1.fMutSel.wTGT = 0.547335640401779    S1.fMutSel.wTGC = 1.441700669906469    S1.fMutSel.wTTA = 0.909877141028662    S1.fMutSel.wTTG = 1.144734275142006    S1.fMutSel.wTTT = 0.909473957935576    S1.fMutSel.wTTC = 0.717121630501967    S1.fMutSel.wTCA = 1.159874793388455    S1.fMutSel.wTCG = 0.838702313350681    S1.fMutSel.wTCT = 0.605240242458116    S1.fMutSel.wTCC = 0.784377482258075    S1.fMutSel.wCAA = 1.778801972414340    S1.fMutSel.wCAG = 1.208847922446331    S1.fMutSel.wCAT = 0.661676960306589    S1.fMutSel.wCAC = 0.705795659810911    S1.fMutSel.wCGA = 0.230842148948323    S1.fMutSel.wCGG = 0.622057662867804    S1.fMutSel.wCGT = 1.207192038154959    S1.fMutSel.wCGC = 1.444628866036252    S1.fMutSel.wCTA = 1.464896815746180    S1.fMutSel.wCTG = 1.046326084660280    S1.fMutSel.wCTT = 0.686205196664906    S1.fMutSel.wCTC = 0.709140876654739    S1.fMutSel.wCCA = 1.170610408438859    S1.fMutSel.wCCG = 0.578529389834762    S1.fMutSel.wCCT = 0.636876940050047    S1.fMutSel.wCCC = 0.601684635199865    I1.RS07.meanIndelLength = 14.359545645934682    I1.RS07.logLambda = -4.099705450125662
 Tree size #2   prior = -74.2812   likelihood = -19.9174   |T| = 6.82754   Scale1 = 0.190855
    Heat.beta = 1.000000000000000    Scale1 = 0.190855182849464    S1.fMutSel.F.pi.A = 0.146484335228804    S1.fMutSel.F.pi.G = 0.072148332183232    S1.fMutSel.F.pi.T = 0.702787462869307    S1.fMutSel.F.pi.C = 0.078579869718656    S1.fMutSel.HKY.kappa = 2.499007165230851    S1.fMutSel.omega = 0.570798151414196    S1.fMutSel.wAAA = 1.629219268340829    S1.fMutSel.wAAG = 0.407995094356149    S1.fMutSel.wAAT = 0.755140907413114    S1.fMutSel.wAAC = 1.122068903421241    S1.fMutSel.wAGA = 1.089933959671705    S1.fMutSel.wAGG = 1.413917374737528    S1.fMutSel.wAGT = 0.752840153377856    S1.fMutSel.wAGC = 0.730620463126479    S1.fMutSel.wATA = 0.461013718595922    S1.fMutSel.wATG = 0.782215311179380    S1.fMutSel.wATT = 0.887972371058238    S1.fMutSel.wATC = 1.512327711168730    S1.fMutSel.wACA = 1.166309257476362    S1.fMutSel.wACG = 0.813487274677388    S1.fMutSel.wACT = 1.368854527318210    S1.fMutSel.wACC = 1.081182560357622    S1.fMutSel.wGAA = 1.083111581584772    S1.fMutSel.wGAG = 0.536575700029575    S1.fMutSel.wGAT = 0.816842258653047    S1.fMutSel.wGAC = 0.617144596731552    S1.fMutSel.wGGA = 0.754804679453374    S1.fMutSel.wGGG = 0.723067215984291    S1.fMutSel.wGGT = 0.448691541131579    S1.fMutSel.wGGC = 0.910123137185068    S1.fMutSel.wGTA = 0.704051727008620    S1.fMutSel.wGTG = 0.606125522983186    S1.fMutSel.wGTT = 0.234685786565717    S1.fMutSel.wGTC = 0.720616806638566    S1.fMutSel.wGCA = 0.524693813390427    S1.fMutSel.wGCG = 1.835003644610476    S1.fMutSel.wGCT = 1.268765794625022    S1.fMutSel.wGCC = 0.766588687462321    S1.fMutSel.wTAT = 0.606340770076883    S1.fMutSel.wTAC = 0.988455488739298    S1.fMutSel.wTGG = 1.193431837811559    S1.fMutSel.wTGT = 0.547335640401779    S1.fMutSel.wTGC = 1.441700669906469    S1.fMutSel.wTTA = 0.909877141028662    S1.fMutSel.wTTG = 1.144734275142006    S1.fMutSel.wTTT = 0.909473957935576    S1.fMutSel.wTTC = 0.717121630501967    S1.fMutSel.wTCA = 1.159874793388455    S1.fMutSel.wTCG = 0.838702313350681    S1.fMutSel.wTCT = 0.605240242458116    S1.fMutSel.wTCC = 0.784377482258075    S1.fMutSel.wCAA = 1.778801972414340    S1.fMutSel.wCAG = 1.208847922446331    S1.fMutSel.wCAT = 0.661676960306589    S1.fMutSel.wCAC = 0.705795659810911    S1.fMutSel.wCGA = 0.230842148948323    S1.fMutSel.wCGG = 0.622057662867804    S1.fMutSel.wCGT = 1.207192038154959    S1.fMutSel.wCGC = 1.444628866036252    S1.fMutSel.wCTA = 1.464896815746180    S1.fMutSel.wCTG = 1.046326084660280    S1.fMutSel.wCTT = 0.686205196664906    S1.fMutSel.wCTC = 0.709140876654739    S1.fMutSel.wCCA = 1.170610408438859    S1.fMutSel.wCCG = 0.578529389834762    S1.fMutSel.wCCT = 0.636876940050047    S1.fMutSel.wCCC = 0.601684635199865    I1.RS07.meanIndelLength = 14.359545645934682    I1.RS07.logLambda = -4.099705450125662
 Tree size #3   prior = -73.8659   likelihood = -20.9974   |T| = 6.82754   Scale1 = 0.0918437
    Heat.beta = 1.000000000000000    Scale1 = 0.091843711114992    S1.fMutSel.F.pi.A = 0.146484335228804    S1.fMutSel.F.pi.G = 0.072148332183232    S1.fMutSel.F.pi.T = 0.702787462869307    S1.fMutSel.F.pi.C = 0.078579869718656    S1.fMutSel.HKY.kappa = 2.499007165230851    S1.fMutSel.omega = 0.570798151414196    S1.fMutSel.wAAA = 1.629219268340829    S1.fMutSel.wAAG = 0.407995094356149    S1.fMutSel.wAAT = 0.755140907413114    S1.fMutSel.wAAC = 1.122068903421241    S1.fMutSel.wAGA = 1.089933959671705    S1.fMutSel.wAGG = 1.413917374737528    S1.fMutSel.wAGT = 0.752840153377856    S1.fMutSel.wAGC = 0.730620463126479    S1.fMutSel.wATA = 0.461013718595922    S1.fMutSel.wATG = 0.782215311179380    S1.fMutSel.wATT = 0.887972371058238    S1.fMutSel.wATC = 1.512327711168730    S1.fMutSel.wACA = 1.166309257476362    S1.fMutSel.wACG = 0.813487274677388    S1.fMutSel.wACT = 1.368854527318210    S1.fMutSel.wACC = 1.081182560357622    S1.fMutSel.wGAA = 1.083111581584772    S1.fMutSel.wGAG = 0.536575700029575    S1.fMutSel.wGAT = 0.816842258653047    S1.fMutSel.wGAC = 0.617144596731552    S1.fMutSel.wGGA = 0.754804679453374    S1.fMutSel.wGGG = 0.723067215984291    S1.fMutSel.wGGT = 0.448691541131579    S1.fMutSel.wGGC = 0.910123137185068    S1.fMutSel.wGTA = 0.704051727008620    S1.fMutSel.wGTG = 0.606125522983186    S1.fMutSel.wGTT = 0.234685786565717    S1.fMutSel.wGTC = 0.720616806638566    S1.fMutSel.wGCA = 0.524693813390427    S1.fMutSel.wGCG = 1.835003644610476    S1.fMutSel.wGCT = 1.268765794625022    S1.fMutSel.wGCC = 0.766588687462321    S1.fMutSel.wTAT = 0.606340770076883    S1.fMutSel.wTAC = 0.988455488739298    S1.fMutSel.wTGG = 1.193431837811559    S1.fMutSel.wTGT = 0.547335640401779    S1.fMutSel.wTGC = 1.441700669906469    S1.fMutSel.wTTA = 0.909877141028662    S1.fMutSel.wTTG = 1.144734275142006    S1.fMutSel.wTTT = 0.909473957935576    S1.fMutSel.wTTC = 0.717121630501967    S1.fMutSel.wTCA = 1.159874793388455    S1.fMutSel.wTCG = 0.838702313350681    S1.fMutSel.wTCT = 0.605240242458116    S1.fMutSel.wTCC = 0.784377482258075    S1.fMutSel.wCAA = 1.778801972414340    S1.fMutSel.wCAG = 1.208847922446331    S1.fMutSel.wCAT = 0.661676960306589    S1.fMutSel.wCAC = 0.705795659810911    S1.fMutSel.wCGA = 0.230842148948323    S1.fMutSel.wCGG = 0.622057662867804    S1.fMutSel.wCGT = 1.207192038154959    S1.fMutSel.wCGC = 1.444628866036252    S1.fMutSel.wCTA = 1.464896815746180    S1.fMutSel.wCTG = 1.046326084660280    S1.fMutSel.wCTT = 0.686205196664906    S1.fMutSel.wCTC = 0.709140876654739    S1.fMutSel.wCCA = 1.170610408438859    S1.fMutSel.wCCG = 0.578529389834762    S1.fMutSel.wCCT = 0.636876940050047    S1.fMutSel.wCCC = 0.601684635199865    I1.RS07.meanIndelLength = 14.359545645934682    I1.RS07.logLambda = -4.099705450125662

 SPR #1   prior = -74.6213   likelihood = -20.0213   |T| = 6.82754   Scale1 = 0.328383
    Heat.beta = 1.000000000000000    Scale1 = 0.328382849691563    S1.fMutSel.F.pi.A = 0.146484335228804    S1.fMutSel.F.pi.G = 0.072148332183232    S1.fMutSel.F.pi.T = 0.702787462869307    S1.fMutSel.F.pi.C = 0.078579869718656    S1.fMutSel.HKY.kappa = 2.499007165230851    S1.fMutSel.omega = 0.570798151414196    S1.fMutSel.wAAA = 1.629219268340829    S1.fMutSel.wAAG = 0.407995094356149    S1.fMutSel.wAAT = 0.755140907413114    S1.fMutSel.wAAC = 1.122068903421241    S1.fMutSel.wAGA = 1.089933959671705    S1.fMutSel.wAGG = 1.413917374737528    S1.fMutSel.wAGT = 0.752840153377856    S1.fMutSel.wAGC = 0.730620463126479    S1.fMutSel.wATA = 0.461013718595922    S1.fMutSel.wATG = 0.782215311179380    S1.fMutSel.wATT = 0.887972371058238    S1.fMutSel.wATC = 1.512327711168730    S1.fMutSel.wACA = 1.166309257476362    S1.fMutSel.wACG = 0.813487274677388    S1.fMutSel.wACT = 1.368854527318210    S1.fMutSel.wACC = 1.081182560357622    S1.fMutSel.wGAA = 1.083111581584772    S1.fMutSel.wGAG = 0.536575700029575    S1.fMutSel.wGAT = 0.816842258653047    S1.fMutSel.wGAC = 0.617144596731552    S1.fMutSel.wGGA = 0.754804679453374    S1.fMutSel.wGGG = 0.723067215984291    S1.fMutSel.wGGT = 0.448691541131579    S1.fMutSel.wGGC = 0.910123137185068    S1.fMutSel.wGTA = 0.704051727008620    S1.fMutSel.wGTG = 0.606125522983186    S1.fMutSel.wGTT = 0.234685786565717    S1.fMutSel.wGTC = 0.720616806638566    S1.fMutSel.wGCA = 0.524693813390427    S1.fMutSel.wGCG = 1.835003644610476    S1.fMutSel.wGCT = 1.268765794625022    S1.fMutSel.wGCC = 0.766588687462321    S1.fMutSel.wTAT = 0.606340770076883    S1.fMutSel.wTAC = 0.988455488739298    S1.fMutSel.wTGG = 1.193431837811559    S1.fMutSel.wTGT = 0.547335640401779    S1.fMutSel.wTGC = 1.441700669906469    S1.fMutSel.wTTA = 0.909877141028662    S1.fMutSel.wTTG = 1.144734275142006    S1.fMutSel.wTTT = 0.909473957935576    S1.fMutSel.wTTC = 0.717121630501967    S1.fMutSel.wTCA = 1.159874793388455    S1.fMutSel.wTCG = 0.838702313350681    S1.fMutSel.wTCT = 0.605240242458116    S1.fMutSel.wTCC = 0.784377482258075    S1.fMutSel.wCAA = 1.778801972414340    S1.fMutSel.wCAG = 1.208847922446331    S1.fMutSel.wCAT = 0.661676960306589    S1.fMutSel.wCAC = 0.705795659810911    S1.fMutSel.wCGA = 0.230842148948323    S1.fMutSel.wCGG = 0.622057662867804    S1.fMutSel.wCGT = 1.207192038154959    S1.fMutSel.wCGC = 1.444628866036252    S1.fMutSel.wCTA = 1.464896815746180    S1.fMutSel.wCTG = 1.046326084660280    S1.fMutSel.wCTT = 0.686205196664906    S1.fMutSel.wCTC = 0.709140876654739    S1.fMutSel.wCCA = 1.170610408438859    S1.fMutSel.wCCG = 0.578529389834762    S1.fMutSel.wCCT = 0.636876940050047    S1.fMutSel.wCCC = 0.601684635199865    I1.RS07.meanIndelLength = 14.359545645934682    I1.RS07.logLambda = -4.099705450125662
 SPR #2   prior = -45.555   likelihood = -19.2728   |T| = 0.481014   Scale1 = 3.79786
    Heat.beta = 1.000000000000000    Scale1 = 3.797858447697825    S1.fMutSel.F.pi.A = 0.146484335228804    S1.fMutSel.F.pi.G = 0.072148332183232    S1.fMutSel.F.pi.T = 0.702787462869307    S1.fMutSel.F.pi.C = 0.078579869718656    S1.fMutSel.HKY.kappa = 2.499007165230851    S1.fMutSel.omega = 0.570798151414196    S1.fMutSel.wAAA = 1.629219268340829    S1.fMutSel.wAAG = 0.407995094356149    S1.fMutSel.wAAT = 0.755140907413114    S1.fMutSel.wAAC = 1.122068903421241    S1.fMutSel.wAGA = 1.089933959671705    S1.fMutSel.wAGG = 1.413917374737528    S1.fMutSel.wAGT = 0.752840153377856    S1.fMutSel.wAGC = 0.730620463126479    S1.fMutSel.wATA = 0.461013718595922    S1.fMutSel.wATG = 0.782215311179380    S1.fMutSel.wATT = 0.887972371058238    S1.fMutSel.wATC = 1.512327711168730    S1.fMutSel.wACA = 1.166309257476362    S1.fMutSel.wACG = 0.813487274677388    S1.fMutSel.wACT = 1.368854527318210    S1.fMutSel.wACC = 1.081182560357622    S1.fMutSel.wGAA = 1.083111581584772    S1.fMutSel.wGAG = 0.536575700029575    S1.fMutSel.wGAT = 0.816842258653047    S1.fMutSel.wGAC = 0.617144596731552    S1.fMutSel.wGGA = 0.754804679453374    S1.fMutSel.wGGG = 0.723067215984291    S1.fMutSel.wGGT = 0.448691541131579    S1.fMutSel.wGGC = 0.910123137185068    S1.fMutSel.wGTA = 0.704051727008620    S1.fMutSel.wGTG = 0.606125522983186    S1.fMutSel.wGTT = 0.234685786565717    S1.fMutSel.wGTC = 0.720616806638566    S1.fMutSel.wGCA = 0.524693813390427    S1.fMutSel.wGCG = 1.835003644610476    S1.fMutSel.wGCT = 1.268765794625022    S1.fMutSel.wGCC = 0.766588687462321    S1.fMutSel.wTAT = 0.606340770076883    S1.fMutSel.wTAC = 0.988455488739298    S1.fMutSel.wTGG = 1.193431837811559    S1.fMutSel.wTGT = 0.547335640401779    S1.fMutSel.wTGC = 1.441700669906469    S1.fMutSel.wTTA = 0.909877141028662    S1.fMutSel.wTTG = 1.144734275142006    S1.fMutSel.wTTT = 0.909473957935576    S1.fMutSel.wTTC = 0.717121630501967    S1.fMutSel.wTCA = 1.159874793388455    S1.fMutSel.wTCG = 0.838702313350681    S1.fMutSel.wTCT = 0.605240242458116    S1.fMutSel.wTCC = 0.784377482258075    S1.fMutSel.wCAA = 1.778801972414340    S1.fMutSel.wCAG = 1.208847922446331    S1.fMutSel.wCAT = 0.661676960306589    S1.fMutSel.wCAC = 0.705795659810911    S1.fMutSel.wCGA = 0.230842148948323    S1.fMutSel.wCGG = 0.622057662867804    S1.fMutSel.wCGT = 1.207192038154959    S1.fMutSel.wCGC = 1.444628866036252    S1.fMutSel.wCTA = 1.464896815746180    S1.fMutSel.wCTG = 1.046326084660280    S1.fMutSel.wCTT = 0.686205196664906    S1.fMutSel.wCTC = 0.709140876654739    S1.fMutSel.wCCA = 1.170610408438859    S1.fMutSel.wCCG = 0.578529389834762    S1.fMutSel.wCCT = 0.636876940050047    S1.fMutSel.wCCC = 0.601684635199865    I1.RS07.meanIndelLength = 14.359545645934682    I1.RS07.logLambda = -4.099705450125662
 SPR #3   prior = -44.909   likelihood = -20.5727   |T| = 0.811606   Scale1 = 1.78589
    Heat.beta = 1.000000000000000    Scale1 = 1.785893477898176    S1.fMutSel.F.pi.A = 0.146484335228804    S1.fMutSel.F.pi.G = 0.072148332183232    S1.fMutSel.F.pi.T = 0.702787462869307    S1.fMutSel.F.pi.C = 0.078579869718656    S1.fMutSel.HKY.kappa = 2.499007165230851    S1.fMutSel.omega = 0.570798151414196    S1.fMutSel.wAAA = 1.629219268340829    S1.fMutSel.wAAG = 0.407995094356149    S1.fMutSel.wAAT = 0.755140907413114    S1.fMutSel.wAAC = 1.122068903421241    S1.fMutSel.wAGA = 1.089933959671705    S1.fMutSel.wAGG = 1.413917374737528    S1.fMutSel.wAGT = 0.752840153377856    S1.fMutSel.wAGC = 0.730620463126479    S1.fMutSel.wATA = 0.461013718595922    S1.fMutSel.wATG = 0.782215311179380    S1.fMutSel.wATT = 0.887972371058238    S1.fMutSel.wATC = 1.512327711168730    S1.fMutSel.wACA = 1.166309257476362    S1.fMutSel.wACG = 0.813487274677388    S1.fMutSel.wACT = 1.368854527318210    S1.fMutSel.wACC = 1.081182560357622    S1.fMutSel.wGAA = 1.083111581584772    S1.fMutSel.wGAG = 0.536575700029575    S1.fMutSel.wGAT = 0.816842258653047    S1.fMutSel.wGAC = 0.617144596731552    S1.fMutSel.wGGA = 0.754804679453374    S1.fMutSel.wGGG = 0.723067215984291    S1.fMutSel.wGGT = 0.448691541131579    S1.fMutSel.wGGC = 0.910123137185068    S1.fMutSel.wGTA = 0.704051727008620    S1.fMutSel.wGTG = 0.606125522983186    S1.fMutSel.wGTT = 0.234685786565717    S1.fMutSel.wGTC = 0.720616806638566    S1.fMutSel.wGCA = 0.524693813390427    S1.fMutSel.wGCG = 1.835003644610476    S1.fMutSel.wGCT = 1.268765794625022    S1.fMutSel.wGCC = 0.766588687462321    S1.fMutSel.wTAT = 0.606340770076883    S1.fMutSel.wTAC = 0.988455488739298    S1.fMutSel.wTGG = 1.193431837811559    S1.fMutSel.wTGT = 0.547335640401779    S1.fMutSel.wTGC = 1.441700669906469    S1.fMutSel.wTTA = 0.909877141028662    S1.fMutSel.wTTG = 1.144734275142006    S1.fMutSel.wTTT = 0.909473957935576    S1.fMutSel.wTTC = 0.717121630501967    S1.fMutSel.wTCA = 1.159874793388455    S1.fMutSel.wTCG = 0.838702313350681    S1.fMutSel.wTCT = 0.605240242458116    S1.fMutSel.wTCC = 0.784377482258075    S1.fMutSel.wCAA = 1.778801972414340    S1.fMutSel.wCAG = 1.208847922446331    S1.fMutSel.wCAT = 0.661676960306589    S1.fMutSel.wCAC = 0.705795659810911    S1.fMutSel.wCGA = 0.230842148948323    S1.fMutSel.wCGG = 0.622057662867804    S1.fMutSel.wCGT = 1.207192038154959    S1.fMutSel.wCGC = 1.444628866036252    S1.fMutSel.wCTA = 1.464896815746180    S1.fMutSel.wCTG = 1.046326084660280    S1.fMutSel.wCTT = 0.686205196664906    S1.fMutSel.wCTC = 0.709140876654739    S1.fMutSel.wCCA = 1.170610408438859    S1.fMutSel.wCCG = 0.578529389834762    S1.fMutSel.wCCT = 0.636876940050047    S1.fMutSel.wCCC = 0.601684635199865    I1.RS07.meanIndelLength = 14.359545645934682    I1.RS07.logLambda = -4.099705450125662

 NNI #1   prior = -46.683   likelihood = -20.2385   |T| = 0.973596   Scale1 = 1.98769
    Heat.beta = 1.000000000000000    Scale1 = 1.987694349771884    S1.fMutSel.F.pi.A = 0.146484335228804    S1.fMutSel.F.pi.G = 0.072148332183232    S1.fMutSel.F.pi.T = 0.702787462869307    S1.fMutSel.F.pi.C = 0.078579869718656    S1.fMutSel.HKY.kappa = 2.499007165230851    S1.fMutSel.omega = 0.570798151414196    S1.fMutSel.wAAA = 1.629219268340829    S1.fMutSel.wAAG = 0.407995094356149    S1.fMutSel.wAAT = 0.755140907413114    S1.fMutSel.wAAC = 1.122068903421241    S1.fMutSel.wAGA = 1.089933959671705    S1.fMutSel.wAGG = 1.413917374737528    S1.fMutSel.wAGT = 0.752840153377856    S1.fMutSel.wAGC = 0.730620463126479    S1.fMutSel.wATA = 0.461013718595922    S1.fMutSel.wATG = 0.782215311179380    S1.fMutSel.wATT = 0.887972371058238    S1.fMutSel.wATC = 1.512327711168730    S1.fMutSel.wACA = 1.166309257476362    S1.fMutSel.wACG = 0.813487274677388    S1.fMutSel.wACT = 1.368854527318210    S1.fMutSel.wACC = 1.081182560357622    S1.fMutSel.wGAA = 1.083111581584772    S1.fMutSel.wGAG = 0.536575700029575    S1.fMutSel.wGAT = 0.816842258653047    S1.fMutSel.wGAC = 0.617144596731552    S1.fMutSel.wGGA = 0.754804679453374    S1.fMutSel.wGGG = 0.723067215984291    S1.fMutSel.wGGT = 0.448691541131579    S1.fMutSel.wGGC = 0.910123137185068    S1.fMutSel.wGTA = 0.704051727008620    S1.fMutSel.wGTG = 0.606125522983186    S1.fMutSel.wGTT = 0.234685786565717    S1.fMutSel.wGTC = 0.720616806638566    S1.fMutSel.wGCA = 0.524693813390427    S1.fMutSel.wGCG = 1.835003644610476    S1.fMutSel.wGCT = 1.268765794625022    S1.fMutSel.wGCC = 0.766588687462321    S1.fMutSel.wTAT = 0.606340770076883    S1.fMutSel.wTAC = 0.988455488739298    S1.fMutSel.wTGG = 1.193431837811559    S1.fMutSel.wTGT = 0.547335640401779    S1.fMutSel.wTGC = 1.441700669906469    S1.fMutSel.wTTA = 0.909877141028662    S1.fMutSel.wTTG = 1.144734275142006    S1.fMutSel.wTTT = 0.909473957935576    S1.fMutSel.wTTC = 0.717121630501967    S1.fMutSel.wTCA = 1.159874793388455    S1.fMutSel.wTCG = 0.838702313350681    S1.fMutSel.wTCT = 0.605240242458116    S1.fMutSel.wTCC = 0.784377482258075    S1.fMutSel.wCAA = 1.778801972414340    S1.fMutSel.wCAG = 1.208847922446331    S1.fMutSel.wCAT = 0.661676960306589    S1.fMutSel.wCAC = 0.705795659810911    S1.fMutSel.wCGA = 0.230842148948323    S1.fMutSel.wCGG = 0.622057662867804    S1.fMutSel.wCGT = 1.207192038154959    S1.fMutSel.wCGC = 1.444628866036252    S1.fMutSel.wCTA = 1.464896815746180    S1.fMutSel.wCTG = 1.046326084660280    S1.fMutSel.wCTT = 0.686205196664906    S1.fMutSel.wCTC = 0.709140876654739    S1.fMutSel.wCCA = 1.170610408438859    S1.fMutSel.wCCG = 0.578529389834762    S1.fMutSel.wCCT = 0.636876940050047    S1.fMutSel.wCCC = 0.601684635199865    I1.RS07.meanIndelLength = 14.359545645934682    I1.RS07.logLambda = -4.099705450125662
 NNI #2   prior = -47.2132   likelihood = -20.8537   |T| = 0.83165   Scale1 = 5.42842
    Heat.beta = 1.000000000000000    Scale1 = 5.428419087046017    S1.fMutSel.F.pi.A = 0.146484335228804    S1.fMutSel.F.pi.G = 0.072148332183232    S1.fMutSel.F.pi.T = 0.702787462869307    S1.fMutSel.F.pi.C = 0.078579869718656    S1.fMutSel.HKY.kappa = 2.499007165230851    S1.fMutSel.omega = 0.570798151414196    S1.fMutSel.wAAA = 1.629219268340829    S1.fMutSel.wAAG = 0.407995094356149    S1.fMutSel.wAAT = 0.755140907413114    S1.fMutSel.wAAC = 1.122068903421241    S1.fMutSel.wAGA = 1.089933959671705    S1.fMutSel.wAGG = 1.413917374737528    S1.fMutSel.wAGT = 0.752840153377856    S1.fMutSel.wAGC = 0.730620463126479    S1.fMutSel.wATA = 0.461013718595922    S1.fMutSel.wATG = 0.782215311179380    S1.fMutSel.wATT = 0.887972371058238    S1.fMutSel.wATC = 1.512327711168730    S1.fMutSel.wACA = 1.166309257476362    S1.fMutSel.wACG = 0.813487274677388    S1.fMutSel.wACT = 1.368854527318210    S1.fMutSel.wACC = 1.081182560357622    S1.fMutSel.wGAA = 1.083111581584772    S1.fMutSel.wGAG = 0.536575700029575    S1.fMutSel.wGAT = 0.816842258653047    S1.fMutSel.wGAC = 0.617144596731552    S1.fMutSel.wGGA = 0.754804679453374    S1.fMutSel.wGGG = 0.723067215984291    S1.fMutSel.wGGT = 0.448691541131579    S1.fMutSel.wGGC = 0.910123137185068    S1.fMutSel.wGTA = 0.704051727008620    S1.fMutSel.wGTG = 0.606125522983186    S1.fMutSel.wGTT = 0.234685786565717    S1.fMutSel.wGTC = 0.720616806638566    S1.fMutSel.wGCA = 0.524693813390427    S1.fMutSel.wGCG = 1.835003644610476    S1.fMutSel.wGCT = 1.268765794625022    S1.fMutSel.wGCC = 0.766588687462321    S1.fMutSel.wTAT = 0.606340770076883    S1.fMutSel.wTAC = 0.988455488739298    S1.fMutSel.wTGG = 1.193431837811559    S1.fMutSel.wTGT = 0.547335640401779    S1.fMutSel.wTGC = 1.441700669906469    S1.fMutSel.wTTA = 0.909877141028662    S1.fMutSel.wTTG = 1.144734275142006    S1.fMutSel.wTTT = 0.909473957935576    S1.fMutSel.wTTC = 0.717121630501967    S1.fMutSel.wTCA = 1.159874793388455    S1.fMutSel.wTCG = 0.838702313350681    S1.fMutSel.wTCT = 0.605240242458116    S1.fMutSel.wTCC = 0.784377482258075    S1.fMutSel.wCAA = 1.778801972414340    S1.fMutSel.wCAG = 1.208847922446331    S1.fMutSel.wCAT = 0.661676960306589    S1.fMutSel.wCAC = 0.705795659810911    S1.fMutSel.wCGA = 0.230842148948323    S1.fMutSel.wCGG = 0.622057662867804    S1.fMutSel.wCGT = 1.207192038154959    S1.fMutSel.wCGC = 1.444628866036252    S1.fMutSel.wCTA = 1.464896815746180    S1.fMutSel.wCTG = 1.046326084660280    S1.fMutSel.wCTT = 0.686205196664906    S1.fMutSel.wCTC = 0.709140876654739    S1.fMutSel.wCCA = 1.170610408438859    S1.fMutSel.wCCG = 0.578529389834762    S1.fMutSel.wCCT = 0.636876940050047    S1.fMutSel.wCCC = 0.601684635199865    I1.RS07.meanIndelLength = 14.359545645934682    I1.RS07.logLambda = -4.099705450125662
 NNI #3   prior = -47.6552   likelihood = -20.2637   |T| = 1.24659   Scale1 = 1.89638
    Heat.beta = 1.000000000000000    Scale1 = 1.896378988190836    S1.fMutSel.F.pi.A = 0.146484335228804    S1.fMutSel.F.pi.G = 0.072148332183232    S1.fMutSel.F.pi.T = 0.702787462869307    S1.fMutSel.F.pi.C = 0.078579869718656    S1.fMutSel.HKY.kappa = 2.499007165230851    S1.fMutSel.omega = 0.570798151414196    S1.fMutSel.wAAA = 1.629219268340829    S1.fMutSel.wAAG = 0.407995094356149    S1.fMutSel.wAAT = 0.755140907413114    S1.fMutSel.wAAC = 1.122068903421241    S1.fMutSel.wAGA = 1.089933959671705    S1.fMutSel.wAGG = 1.413917374737528    S1.fMutSel.wAGT = 0.752840153377856    S1.fMutSel.wAGC = 0.730620463126479    S1.fMutSel.wATA = 0.461013718595922    S1.fMutSel.wATG = 0.782215311179380    S1.fMutSel.wATT = 0.887972371058238    S1.fMutSel.wATC = 1.512327711168730    S1.fMutSel.wACA = 1.166309257476362    S1.fMutSel.wACG = 0.813487274677388    S1.fMutSel.wACT = 1.368854527318210    S1.fMutSel.wACC = 1.081182560357622    S1.fMutSel.wGAA = 1.083111581584772    S1.fMutSel.wGAG = 0.536575700029575    S1.fMutSel.wGAT = 0.816842258653047    S1.fMutSel.wGAC = 0.617144596731552    S1.fMutSel.wGGA = 0.754804679453374    S1.fMutSel.wGGG = 0.723067215984291    S1.fMutSel.wGGT = 0.448691541131579    S1.fMutSel.wGGC = 0.910123137185068    S1.fMutSel.wGTA = 0.704051727008620    S1.fMutSel.wGTG = 0.606125522983186    S1.fMutSel.wGTT = 0.234685786565717    S1.fMutSel.wGTC = 0.720616806638566    S1.fMutSel.wGCA = 0.524693813390427    S1.fMutSel.wGCG = 1.835003644610476    S1.fMutSel.wGCT = 1.268765794625022    S1.fMutSel.wGCC = 0.766588687462321    S1.fMutSel.wTAT = 0.606340770076883    S1.fMutSel.wTAC = 0.988455488739298    S1.fMutSel.wTGG = 1.193431837811559    S1.fMutSel.wTGT = 0.547335640401779    S1.fMutSel.wTGC = 1.441700669906469    S1.fMutSel.wTTA = 0.909877141028662    S1.fMutSel.wTTG = 1.144734275142006    S1.fMutSel.wTTT = 0.909473957935576    S1.fMutSel.wTTC = 0.717121630501967    S1.fMutSel.wTCA = 1.159874793388455    S1.fMutSel.wTCG = 0.838702313350681    S1.fMutSel.wTCT = 0.605240242458116    S1.fMutSel.wTCC = 0.784377482258075    S1.fMutSel.wCAA = 1.778801972414340    S1.fMutSel.wCAG = 1.208847922446331    S1.fMutSel.wCAT = 0.661676960306589    S1.fMutSel.wCAC = 0.705795659810911    S1.fMutSel.wCGA = 0.230842148948323    S1.fMutSel.wCGG = 0.622057662867804    S1.fMutSel.wCGT = 1.207192038154959    S1.fMutSel.wCGC = 1.444628866036252    S1.fMutSel.wCTA = 1.464896815746180    S1.fMutSel.wCTG = 1.046326084660280    S1.fMutSel.wCTT = 0.686205196664906    S1.fMutSel.wCTC = 0.709140876654739    S1.fMutSel.wCCA = 1.170610408438859    S1.fMutSel.wCCG = 0.578529389834762    S1.fMutSel.wCCT = 0.636876940050047    S1.fMutSel.wCCC = 0.601684635199865    I1.RS07.meanIndelLength = 14.359545645934682    I1.RS07.logLambda = -4.099705450125662
received signal 2.  Dying.

start time: Wed Dec  6 15:43:38 2017

  end time: Wed Dec  6 15:43:40 2017

total (elapsed) time: 2 seconds
total (CPU) time: 2 seconds
